WARNING: System below the minimal requirements.

Webots has detected that your GPU vendor is 'Mesa'. A recent NVIDIA or AMD graphics adapter is highly recommended to run Webots smoothly. Webots has detected that your computer uses a slow 3D software rendering system. It is strongly recommended to install the latest graphics drivers provided by your GPU manufacturer. Webots will run much faster after the installation of the correct driver.

 - Shadows have been deactivated.
 - Anti-aliasing has been deactivated.
 - Main 3D view global ambient occlusion has been de-activated.
 - Texture quality has been reduced.

You can try to re-activate some OpenGL features from the Webots preferences.
WARNING: System below the minimal requirements.

Webots has detected that your GPU vendor is 'Mesa'. A recent NVIDIA or AMD graphics adapter is highly recommended to run Webots smoothly. Webots has detected that your computer uses a slow 3D software rendering system. It is strongly recommended to install the latest graphics drivers provided by your GPU manufacturer. Webots will run much faster after the installation of the correct driver.

 - Shadows have been deactivated.
 - Anti-aliasing has been deactivated.
 - Main 3D view global ambient occlusion has been de-activated.
 - Texture quality has been reduced.

You can try to re-activate some OpenGL features from the Webots preferences.
WARNING: WARNING: System below the minimal requirements.

Webots has detected that your GPU vendor is 'Mesa'. A recent NVIDIA or AMD graphics adapter is highly recommended to run Webots smoothly. Webots has detected that your computer uses a slow 3D software rendering system. It is strongly recommended to install the latest graphics drivers provided by your GPU manufacturer. Webots will run much faster after the installation of the correct driver.

 - Shadows have been deactivated.
 - Anti-aliasing has been deactivated.
 - Main 3D view global ambient occlusion has been de-activated.
 - Texture quality has been reduced.

You can try to re-activate some OpenGL features from the Webots preferences.
INFO: qt_provider_probe: Starting controller: /home/runner/work/_temp/q87-provider-project/controllers/qt_provider_probe/qt_provider_probe
Q87 BEFORE_WB_INIT pid=3645
Q87 WB_INIT_RETURN
Q87 PROVIDER_CALLED
WEBEEBLOCKS_FILE_BROKER_V1 QT_APP_INITIALIZED
WEBEEBLOCKS_FILE_BROKER_V1 QFILEDIALOG_CONSTRUCTED
Q87 DIALOG_EXEC
Q87 DIALOG_EXPOSED pid=3645 wid=6291463 width=624 height=412
Q87 DIALOG_CANCELLED result=Rejected
Q87 PROVIDER_RETURNED
INFO: qt_provider_probe: Terminating.
